6 5
9 2
10 6
12 4
-7 1
-7 3
-9 2
-9 -3
-7 -3
-8 -5
3 -4
8 -6
