4 8 5 9
1 7 0 8
-5 4 -5 6
-8 4 -7 5
-8 5 -9 6
-6 -5 -4 -5
-3 -2 -3 -4
2 -5 3 -6
8 -2 10 -4
10 -2 10 -3
